Compiling lib\main.dart for the Web...                          
flutter : Wasm dry run succeeded. Consider building and testing your application with the `--wasm` flag. See docs for 
more info: https://docs.flutter.dev/platform-integration/web/wasm
At line:1 char:1
+ flutter build web > build_output.txt 2>&1
+ ~~~~~~~~~~~~~~~~~~~~~~~~~~~~~~~~~~~~~~~~~
    + CategoryInfo          : NotSpecified: (Wasm dry run su...ration/web/wasm:String) [], RemoteException
    + FullyQualifiedErrorId : NativeCommandError
 
Use --no-wasm-dry-run to disable these warnings.
Target dart2js failed: ProcessException: Process exited abnormally with exit code 1:
lib/screens/appointment_detail_screen.dart:48:36:
Error: Member not found: 'surface'.
        backgroundColor: AppColors.surface,
                                   ^^^^^^^
lib/screens/appointment_detail_screen.dart:49:69:
Error: Member not found: 'h2'.
        title: const Text('De╪ج┌║erlendirme Yap', style: AppTextStyles.h2),
                                                                    ^^
lib/screens/appointment_detail_screen.dart:50:90:
Error: Member not found: 'body'.
        content: const Text('Bu ╪ث┬╢zellik ╪ث┬دok yak╪ج┬▒nda eklenecektir.', style: AppTextStyles.body),
                                                                                         ^^^^
lib/screens/appointment_detail_screen.dart:66:36:
Error: Member not found: 'surface'.
        backgroundColor: AppColors.surface,
                                   ^^^^^^^
lib/screens/appointment_detail_screen.dart:67:66:
Error: Member not found: 'h2'.
        title: const Text('Randevu Detay╪ج┬▒', style: AppTextStyles.h2),
                                                                 ^^
lib/screens/appointment_detail_screen.dart:88:26:
Error: Member not found: 'surface'.
        color: AppColors.surface,
                         ^^^^^^^
lib/screens/appointment_detail_screen.dart:90:45:
Error: Member not found: 'surfaceLight'.
        border: Border.all(color: AppColors.surfaceLight),
                                            ^^^^^^^^^^^^
lib/screens/appointment_detail_screen.dart:95:42:
Error: Member not found: 'surfaceLight'.
          const Divider(color: AppColors.surfaceLight, height: 32),
                                         ^^^^^^^^^^^^
lib/screens/appointment_detail_screen.dart:97:42:
Error: Member not found: 'surfaceLight'.
          const Divider(color: AppColors.surfaceLight, height: 32),
                                         ^^^^^^^^^^^^
lib/screens/appointment_detail_screen.dart:99:42:
Error: Member not found: 'surfaceLight'.
          const Divider(color: AppColors.surfaceLight, height: 32),
                                         ^^^^^^^^^^^^
lib/screens/appointment_detail_screen.dart:101:42:
Error: Member not found: 'surfaceLight'.
          const Divider(color: AppColors.surfaceLight, height: 32),
                                         ^^^^^^^^^^^^
lib/screens/appointment_detail_screen.dart:103:42:
Error: Member not found: 'surfaceLight'.
          const Divider(color: AppColors.surfaceLight, height: 32),
                                         ^^^^^^^^^^^^
lib/screens/appointment_detail_screen.dart:117:61:
Error: Member not found: 'textSecondary'.
        Text(label, style: const TextStyle(color: AppColors.textSecondary, fontSize: 16)),
                                                            ^^^^^^^^^^^^^
lib/screens/appointment_detail_screen.dart:118:61:
Error: Member not found: 'textPrimary'.
        Text(value, style: const TextStyle(color: AppColors.textPrimary, fontSize: 16, fontWeight: FontWeight.w600)),
                                                            ^^^^^^^^^^^
lib/screens/appointment_detail_screen.dart:133:61:
Error: Member not found: 'textSecondary'.
        Text(label, style: const TextStyle(color: AppColors.textSecondary, fontSize: 16)),
                                                            ^^^^^^^^^^^^^
lib/screens/edit_profile_screen.dart:68:36:
Error: Member not found: 'surface'.
        backgroundColor: AppColors.surface,
                                   ^^^^^^^
lib/screens/edit_profile_screen.dart:69:67:
Error: Member not found: 'h2'.
        title: const Text('Profili D╪ث┬╝zenle', style: AppTextStyles.h2),
                                                                  ^^
lib/screens/edit_profile_screen.dart:135:47:
Error: Member not found: 'textPrimary'.
      style: const TextStyle(color: AppColors.textPrimary),
                                              ^^^^^^^^^^^
lib/screens/edit_profile_screen.dart:138:54:
Error: Member not found: 'textSecondary'.
        labelStyle: const TextStyle(color: AppColors.textSecondary),
                                                     ^^^^^^^^^^^^^
lib/screens/edit_profile_screen.dart:142:57:
Error: Member not found: 'surfaceLight'.
          borderSide: const BorderSide(color: AppColors.surfaceLight),
                                                        ^^^^^^^^^^^^
lib/screens/edit_profile_screen.dart:149:30:
Error: Member not found: 'surface'.
        fillColor: AppColors.surface,
                             ^^^^^^^
Error: Compilation failed.
  Command: C:\flutter\bin\cache\dart-sdk\bin\dart.exe compile js 
--platform-binaries=C:\flutter\bin\cache\flutter_web_sdk\kernel --invoker=flutter_tool -Ddart.vm.product=true 
-DFLUTTER_VERSION=3.41.6 -DFLUTTER_CHANNEL=stable -DFLUTTER_GIT_URL=https://github.com/flutter/flutter.git 
-DFLUTTER_FRAMEWORK_REVISION=db50e20168 -DFLUTTER_ENGINE_REVISION=425cfb54d0 -DFLUTTER_DART_VERSION=3.11.4 
-DFLUTTER_WEB_USE_SKIA=true -DFLUTTER_WEB_USE_SKWASM=false 
-DFLUTTER_WEB_CANVASKIT_URL=https://www.gstatic.com/flutter-canvaskit/425cfb54d01a9472b3e81d9e76fd63a4a44cfbcb/ 
--native-null-assertions --no-source-maps -O4 --minify -o 
C:\Users\a7748\Downloads\StyleHup\style_hub\.dart_tool\flutter_build\a6a335e32b90fa03626a27ac677ba09d\app.dill 
--packages=C:\Users\a7748\Downloads\StyleHup\style_hub\.dart_tool\package_config.json --cfe-only 
C:\Users\a7748\Downloads\StyleHup\style_hub\.dart_tool\flutter_build\a6a335e32b90fa03626a27ac677ba09d\main.dart
#0      RunResult.throwException (package:flutter_tools/src/base/process.dart:153:5)
#1      _DefaultProcessUtils.run (package:flutter_tools/src/base/process.dart:379:19)
<asynchronous suspension>
#2      Dart2JSTarget.build (package:flutter_tools/src/build_system/targets/web.dart:208:5)
<asynchronous suspension>
#3      _BuildInstance._invokeInternal (package:flutter_tools/src/build_system/build_system.dart:937:9)
<asynchronous suspension>
#4      Future.wait.<anonymous closure> (dart:async/future.dart:546:21)
<asynchronous suspension>
#5      _BuildInstance.invokeTarget (package:flutter_tools/src/build_system/build_system.dart:875:32)
<asynchronous suspension>
#6      Future.wait.<anonymous closure> (dart:async/future.dart:546:21)
<asynchronous suspension>
#7      _BuildInstance.invokeTarget (package:flutter_tools/src/build_system/build_system.dart:875:32)
<asynchronous suspension>
#8      FlutterBuildSystem.build (package:flutter_tools/src/build_system/build_system.dart:684:16)
<asynchronous suspension>
#9      WebBuilder.buildWeb (package:flutter_tools/src/web/compile.dart:107:34)
<asynchronous suspension>
#10     BuildWebCommand.runCommand (package:flutter_tools/src/commands/build_web.dart:300:5)
<asynchronous suspension>
#11     FlutterCommand.run.<anonymous closure> (package:flutter_tools/src/runner/flutter_command.dart:1590:27)
<asynchronous suspension>
#12     AppContext.run.<anonymous closure> (package:flutter_tools/src/base/context.dart:154:19)
<asynchronous suspension>
#13     CommandRunner.runCommand (package:args/command_runner.dart:212:13)
<asynchronous suspension>
#14     FlutterCommandRunner.runCommand.<anonymous closure> 
(package:flutter_tools/src/runner/flutter_command_runner.dart:496:9)
<asynchronous suspension>
#15     AppContext.run.<anonymous closure> (package:flutter_tools/src/base/context.dart:154:19)
<asynchronous suspension>
#16     FlutterCommandRunner.runCommand (package:flutter_tools/src/runner/flutter_command_runner.dart:431:5)
<asynchronous suspension>
#17     FlutterCommandRunner.run.<anonymous closure> 
(package:flutter_tools/src/runner/flutter_command_runner.dart:307:33)
<asynchronous suspension>
#18     run.<anonymous closure>.<anonymous closure> (package:flutter_tools/runner.dart:104:11)
<asynchronous suspension>
#19     AppContext.run.<anonymous closure> (package:flutter_tools/src/base/context.dart:154:19)
<asynchronous suspension>
#20     main (package:flutter_tools/executable.dart:103:3)
<asynchronous suspension>
Compiling lib\main.dart for the Web...                             65.0s

Error: Failed to compile application for the Web.
